warning: field `label` is never read
  --> src/core/mod.rs:15:9
   |
10 | pub struct Device {
   |            ------ field in this struct
...
15 |     pub label: String,
   |         ^^^^^
   |
   = note: `Device` has derived impls for the traits `Clone` and `Debug`, but these are intentionally ignored during dead code analysis
   = note: `#[warn(dead_code)]` (part of `#[warn(unused)]`) on by default

warning: variants `Ntfs` and `Ext4` are never constructed
  --> src/core/mod.rs:51:5
   |
48 | pub enum FileSystemType {
   |          -------------- variants in this enum
...
51 |     Ntfs,
   |     ^^^^
52 |     Ext4,
   |     ^^^^
   |
   = note: `FileSystemType` has derived impls for the traits `Clone` and `Debug`, but these are intentionally ignored during dead code analysis

warning: variants `ProtectedDevice`, `UnsupportedFilesystem`, and `PlatformNotSupported` are never constructed
   --> src/core/mod.rs:93:5
    |
 91 | pub enum DiskError {
    |          --------- variants in this enum
 92 |     #[error("Device is protected (system drive)")]
 93 |     ProtectedDevice,
    |     ^^^^^^^^^^^^^^^
...
105 |     UnsupportedFilesystem(String),
    |     ^^^^^^^^^^^^^^^^^^^^^
...
108 |     PlatformNotSupported,
    |     ^^^^^^^^^^^^^^^^^^^^
    |
    = note: `DiskError` has a derived impl for the trait `Debug`, but this is intentionally ignored during dead code analysis

